x = array1d(1..100, [0, 0, 1, 0, 2, 1, 0, 0, 1, 2, 0, 1, 1, 0, 3, 0, 0, 1, 0, 2, 1, 0, 1, 1, 2, 0, 1, 0, 0, 3, 1, 1, 1, 1, 3, 1, 1, 1, 1, 2, 0, 1, 1, 0, 3, 0, 0, 1, 0, 2, 3, 2, 3, 3, 2, 2, 3, 2, 2, 3, 0, 0, 1, 0, 2, 1, 0, 0, 1, 2, 0, 1, 1, 0, 3, 0, 0, 1, 0, 2, 1, 0, 1, 1, 2, 0, 1, 0, 0, 3, 0, 0, 1, 0, 2, 1, 0, 0, 1, 2]);
----------