objective = 77;
s = array1d(1..18, [0, 0, 0, 7, 7, 19, 19, 26, 32, 37, 40, 45, 48, 55, 55, 72, 68, 61]);
----------

%% =====TIME-OUT=====
