objective = 66;
s = array1d(1..29, [0, 0, 3, 6, 12, 6, 6, 11, 14, 22, 13, 14, 26, 19, 29, 34, 20, 36, 42, 26, 17, 44, 28, 48, 36, 52, 54, 56, 60]);
----------

%% =====TIME-OUT=====
