n = 58;
x = array1d(1..4, [19, 14, 11, 9]);
----------
==========