objective = 434;
s = array1d(1..15, [0, 0, 0, 3, 228, 1, 9, 3, 153, 228, 153, 428, 228, 428, 237]);
----------
==========
