objective = 508;
s = array1d(1..15, [0, 0, 0, 3, 8, 8, 8, 208, 108, 308, 208, 308, 308, 208, 213]);
----------
==========
