objective = 459;
s = array1d(1..15, [0, 6, 0, 9, 9, 9, 259, 259, 12, 134, 309, 12, 134, 187, 409]);
----------
==========
