objective = 518;
s = array1d(1..15, [0, 0, 0, 10, 13, 6, 13, 13, 8, 38, 263, 513, 263, 513, 263]);
----------
==========
