objective = 344;
s = array1d(1..15, [0, 0, 0, 3, 183, 8, 9, 8, 183, 134, 9, 258, 234, 334, 308]);
----------
==========
