x = array1d(1..16, [0, 1, 3, 2, 6, 4, 5, 7, 15, 11, 9, 13, 12, 14, 10, 8]);
num_bits = array1d(1..16, [0, 1, 2, 1, 2, 1, 2, 3, 4, 3, 2, 3, 2, 3, 2, 1]);
----------