objective = 429;
s = array1d(1..15, [0, 3, 3, 5, 30, 5, 204, 213, 4, 13, 80, 180, 190, 3, 413]);
----------

%% =====TIME-OUT=====
