objective = 57;
x = array1d(1..24, [1, 1, 1, 1, 1, 1, 1, 1, 1, 2, 1, 1, 1, 2, 1, 1, 2, 1, 3, 4, 1, 1, 4, 1]);
----------

%% =====TIME-OUT=====
