objective = 58;
s = array1d(1..60, [0, 0, 0, 1, 1, 5, 1, 1, 8, 5, 11, 8, 15, 14, 1, 10, 8, 10, 16, 14, 8, 11, 10, 12, 15, 17, 17, 9, 25, 15, 21, 14, 16, 20, 13, 23, 26, 8, 15, 23, 28, 32, 10, 25, 33, 17, 33, 32, 43, 36, 17, 28, 27, 33, 46, 36, 20, 52, 49, 43]);
----------
==========
