objective = 84;
s = array1d(1..60, [0, 0, 0, 9, 1, 1, 13, 4, 11, 11, 1, 4, 18, 4, 18, 16, 16, 9, 25, 16, 25, 32, 21, 11, 18, 32, 32, 11, 19, 29, 34, 24, 13, 35, 25, 41, 41, 34, 49, 34, 56, 56, 35, 34, 42, 35, 56, 45, 43, 44, 9, 47, 46, 41, 66, 60, 75, 76, 45, 66]);
----------
==========
