V1 = 10;
V2 = 2;
V3 = 4;
V4 = 11;
V5 = 13;
V6 = 3;
V7 = 5;
V8 = 12;
V9 = 20;
V10 = 17;
V11 = 14;
V12 = 8;
V13 = 9;
V14 = 15;
V15 = 16;
V16 = 6;
V17 = 1;
V18 = 7;
V19 = 19;
V20 = 18;
----------