objective = 653;
s = array1d(1..100, [0, 74, 172, 268, 375, 0, 77, 88, 168, 191, 0, 14, 89, 154, 176, 0, 170, 263, 291, 298, 14, 77, 83, 196, 243, 0, 95, 115, 236, 326, 0, 78, 211, 264, 324, 19, 107, 270, 359, 457, 115, 238, 278, 379, 431, 189, 247, 252, 311, 332, 0, 196, 298, 550, 641, 59, 83, 172, 277, 478, 107, 121, 196, 252, 290, 298, 431, 508, 521, 553, 121, 166, 333, 493, 508, 0, 310, 340, 462, 560, 391, 465, 553, 605, 632, 166, 311, 416, 497, 595, 330, 422, 431, 493, 545, 393, 457, 462, 545, 565]);
----------

%% =====TIME-OUT=====
