x = array2d(1..3, 1..3, [9, 2, 5, 3, 6, 8, 4, 1, 7]);
----------