objective = 53;
s = array1d(1..30, [0, 0, 0, 8, 8, 5, 7, 5, 11, 11, 19, 19, 24, 11, 18, 13, 29, 18, 14, 11, 28, 19, 35, 29, 39, 29, 31, 37, 48, 39]);
----------
==========
