objective = 58;
s = array1d(1..30, [0, 0, 0, 10, 10, 3, 14, 4, 14, 3, 14, 3, 22, 15, 22, 10, 22, 27, 30, 19, 27, 20, 25, 31, 28, 35, 43, 31, 48, 32]);
----------
==========
