objective = 72;
s = array1d(1..30, [0, 0, 0, 4, 7, 10, 20, 20, 10, 11, 20, 27, 21, 37, 29, 17, 27, 1, 29, 34, 42, 9, 37, 47, 47, 55, 42, 46, 47, 63]);
----------
==========
