objective = 45;
s = array1d(1..30, [0, 0, 0, 9, 5, 9, 19, 8, 29, 18, 8, 9, 22, 5, 23, 5, 31, 33, 6, 34, 34, 19, 34, 23, 18, 36, 34, 44, 35, 39]);
----------
==========
