objective = 59;
s = array1d(1..30, [0, 0, 0, 5, 3, 5, 3, 5, 14, 13, 5, 6, 24, 7, 15, 9, 13, 20, 24, 20, 24, 15, 30, 36, 30, 30, 43, 43, 52, 37]);
----------
==========
