objective = 55;
s = array1d(1..30, [0, 0, 0, 7, 7, 13, 14, 7, 9, 13, 9, 15, 16, 13, 21, 28, 20, 22, 25, 21, 30, 24, 38, 40, 31, 37, 38, 47, 47, 54]);
----------
==========
