objective = 65;
s = array1d(1..30, [0, 0, 0, 10, 10, 10, 10, 9, 13, 19, 20, 19, 13, 10, 30, 23, 30, 13, 31, 16, 16, 37, 37, 33, 35, 44, 54, 54, 56, 45]);
----------
==========
