objective = 129;
s = array1d(1..60, [0, 0, 23, 4, 26, 14, 11, 28, 19, 3, 28, 14, 34, 31, 34, 36, 12, 23, 47, 36, 60, 68, 42, 74, 53, 42, 68, 43, 47, 79, 37, 81, 68, 53, 47, 54, 100, 42, 63, 74, 110, 75, 92, 82, 50, 90, 83, 100, 92, 118, 113, 107, 123, 92, 95, 115, 118, 118, 128, 113]);
----------

%% =====TIME-OUT=====
