Sets = array1d(1..7, [{3, 5, 6}, {3, 4, 7}, {2, 5, 7}, {2, 4, 6}, {1, 6, 7}, {1, 4, 5}, 1..3]);
----------
