L1 = 1;
L2 = 2;
L3 = 3;
L4 = 4;
L5 = 5;
L6 = 8;
L7 = 9;
L8 = 14;
L9 = 16;
L10 = 18;
L11 = 20;
L12 = 29;
L13 = 30;
L14 = 31;
L15 = 33;
L16 = 35;
L17 = 38;
L18 = 39;
L19 = 43;
L20 = 51;
L21 = 55;
L22 = 56;
L23 = 64;
L24 = 81;
L25 = 175;
LHS = 30625;
RHS = 30625;
----------