cost = 6;
a = array2d(0..3, 0..5, [0, 0, 0, 0, 0, 0, 0, 1, 1, 1, 1, 0, 0, 1, 0, 0, 1, 0, 0, 0, 0, 0, 0, 0]);
----------
==========