total_diffs = 3;
on_duty = array1d(1..14, [2, 1, 1, 3, 1, 1, 3, 2, 3, 4, 1, 4, 4, 3]);
people_points = array1d(1..4, [6, 5, 5, 5]);
people_days = array1d(1..4, [5, 2, 4, 3]);
----------
==========