objective = 31;
s = array1d(1..25, [0, 0, 2, 3, 4, 9, 17, 7, 3, 17, 12, 23, 14, 16, 26, 16, 17, 20, 22, 21, 29, 24, 26, 26, 19]);
----------

%% =====TIME-OUT=====
