objective = 9267;
period_of = array1d(1..139, [1, 1, 2, 2, 2, 2, 2, 1, 1, 2, 1, 3, 3, 3, 1, 3, 3, 3, 4, 3, 4, 1, 1, 3, 3, 1, 2, 3, 3, 3, 4, 4, 4, 4, 4, 4, 1, 1, 1, 1, 1, 1, 2, 2, 2, 3, 3, 2, 2, 2, 2, 3, 3, 4, 5, 3, 4, 5, 6, 2, 2, 2, 1, 2, 1, 2, 2, 2, 2, 2, 1, 3, 1, 1, 1, 3, 3, 3, 4, 5, 3, 4, 5, 3, 6, 3, 3, 3, 5, 1, 1, 1, 3, 4, 6, 3, 3, 5, 2, 2, 2, 4, 3, 6, 1, 3, 4, 1, 4, 2, 4, 5, 5, 3, 5, 5, 5, 5, 6, 4, 5, 5, 5, 1, 6, 1, 6, 6, 3, 6, 1, 6, 6, 3, 6, 6, 6, 6, 2]);
----------

%% =====TIME-OUT=====
