objective = 85;
pos = array1d(1..32, [1, 2, 0, 0, 0, 0, 0, 0, 20, 3, 4, 5, 6, 7, 8, 0, 19, 18, 15, 14, 0, 10, 9, 0, 0, 17, 16, 13, 12, 11, 0, 0]);
next = array1d(1..32, [2, 10, 0, 0, 0, 0, 0, 0, 1, 11, 12, 13, 14, 15, 23, 0, 9, 17, 27, 19, 0, 30, 22, 0, 0, 18, 26, 20, 28, 29, 0, 0]);
prize = array1d(1..32, [9, -3, 0, 0, 0, 0, 0, 0, -7, 9, 5, 6, 9, 6, 0, 0, 0, 9, 5, 5, 0, 7, 3, 0, 0, 6, 5, 6, 4, 1, 0, 0]);
----------
==========