p = array1d(1..22, [19, 29, 49, 51, 128, 166, 200, 230, 238, 278, 280, 340, 367, 582, 592, 608, 648, 653, 669, 686, 724, 831]);
----------
==========