x = array1d(1..52, [1, 26, 14, 15, 29, 43, 5, 6, 20, 8, 9, 10, 37, 23, 48, 34, 33, 19, 31, 4, 3, 2, 16, 28, 40, 13, 38, 39, 51, 11, 36, 50, 49, 22, 47, 35, 21, 7, 45, 46, 32, 18, 17, 44, 30, 42, 41, 27, 52, 12, 24, 25]);
----------
