area = array2d(1..5, 1..5, [1, 1, 3, 4, 4, 6, 1, 9, 9, 4, 22, 17, 20, 20, 15, 22, 17, 18, 20, 20, 22, 22, 24, 24, 25]);
when = array2d(1..5, 1..5, [1, 2, 1, 1, 2, 1, 3, 2, 1, 3, 4, 2, 4, 3, 1, 3, 1, 1, 2, 1, 2, 1, 2, 1, 1]);
what = array2d(1..5, 1..5, [3, 3, 1, 3, 3, 1, 3, 2, 2, 3, 4, 2, 4, 4, 1, 4, 2, 1, 4, 4, 4, 4, 2, 2, 1]);
----------
