objective = 25;
course_period = array1d(1..50, [1, 1, 1, 1, 1, 2, 3, 6, 9, 2, 2, 8, 2, 4, 3, 3, 3, 4, 4, 3, 5, 2, 6, 5, 5, 4, 5, 3, 6, 6, 6, 5, 7, 7, 7, 7, 7, 7, 8, 8, 9, 6, 9, 8, 8, 10, 10, 10, 9, 10]);
----------
==========
