objective = 86;
s = array1d(1..30, [0, 0, 0, 1, 7, 9, 9, 13, 13, 17, 29, 23, 9, 23, 29, 37, 34, 34, 44, 52, 17, 57, 34, 57, 62, 62, 71, 69, 78, 78]);
----------

%% =====TIME-OUT=====
