objective = 100;
s = array1d(1..30, [0, 9, 19, 27, 28, 9, 27, 19, 31, 28, 38, 32, 35, 47, 47, 66, 38, 37, 72, 56, 90, 66, 85, 76, 74, 53, 72, 98, 85, 92]);
----------

%% =====TIME-OUT=====
