objective = 91;
s = array1d(1..30, [0, 0, 8, 3, 5, 16, 21, 24, 21, 24, 27, 39, 31, 31, 35, 60, 39, 46, 46, 55, 71, 70, 42, 60, 60, 71, 69, 77, 86, 86]);
----------

%% =====TIME-OUT=====
