objective = 87;
s = array1d(1..30, [0, 0, 12, 6, 20, 20, 22, 25, 33, 7, 13, 25, 32, 39, 36, 22, 55, 45, 45, 63, 61, 39, 48, 67, 71, 68, 55, 80, 77, 80]);
----------

%% =====TIME-OUT=====
