objective = 66;
s = array1d(1..30, [0, 5, 16, 27, 5, 23, 30, 9, 27, 9, 19, 30, 40, 21, 12, 40, 34, 55, 23, 46, 32, 37, 37, 44, 52, 61, 58, 62, 46, 62]);
----------

%% =====TIME-OUT=====
