end = 28;
t = array1d(1..34, [0, 1, 2, 3, 4, 5, 7, 7, 9, 8, 10, 11, 9, 12, 12, 13, 14, 15, 16, 17, 18, 16, 19, 20, 19, 21, 23, 21, 22, 23, 24, 25, 26, 27]);
r = array1d(1..34, [1, 1, 1, 1, 1, 1, 1, 1, 1, 1, 1, 1, 1, 1, 1, 1, 1, 1, 1, 1, 1, 1, 1, 1, 1, 1, 1, 1, 1, 1, 1, 1, 1, 1]);
----------
==========
