a = 3;
b = 4;
x = array1d(1..4, [0, 4, 0, 8]);
y = array1d(1..6, [7, 5, 4, 9, 2, 4]);
----------